RUNTIME ERROR
Error occurred in Execution
Returned int, but expected void
Return value does not match function return type
-1