RUNTIME EXCEPTION
Error occurred in Execution
Table entry 'foo' already defined
Function already defined
-1