RUNTIME ERROR
Error occurred in Execution
Variable x has not been declared
Variable is not declared
-1