7.000000
11.000000
7.000000
6.000000
3.000000
0.500000
test123
test123.0
testtrue
testfalse
testtest
true
false
true
false
true
true