SYNTAX ERROR
Error occurred in Lexical Analysis
At token: someid
Invalid token
1