FUNC, func, 1
ID, main, 1
LPAREN, (, 1
RPAREN, ), 1
LBRACE, {, 2
ID, test, 3
LPAREN, (, 3
DEC_NUM, 0.2, 3
COMMA, ,, 3
ID, add, 3
LPAREN, (, 3
INT_NUM, 1, 3
COMMA, ,, 3
INT_NUM, 2, 3
RPAREN, ), 3
COMMA, ,, 3
STRING, hello, 3
COMMA, ,, 3
DEC_NUM, 1.32, 3
RPAREN, ), 3
SEMICOLON, ;, 3
RBRACE, }, 4
FUNC, func, 6
ID, test, 6
LPAREN, (, 6
DEC, dec, 6
ID, x, 6
COMMA, ,, 6
INT, int, 6
ID, y, 6
COMMA, ,, 6
STR, str, 6
ID, greeting, 6
COMMA, ,, 6
DEC, dec, 6
ID, num, 6
RPAREN, ), 6
RIGHTARROW, ->, 6
VOID, void, 6
LBRACE, {, 7
RBRACE, }, 9