SYNTAX ERROR
Error occurred in Lexical Analysis
At token: %
Invalid token
1