SYNTAX ERROR
Error occurred in Lexical Analysis
Missing ending quote
Invalid string
3
