RUNTIME EXCEPTION
Error occurred in Execution
Variable x is not declared
Variable is not declared
2