RUNTIME ERROR
Error occurred in Execution
Operator invalid for operands
Operation is not valid
-1