entering a
entering b
entering c
leaving c
leaving b
leaving a