RUNTIME EXCEPTION
Error occurred in Execution
At expression 
Expression has invalid evaluation
1