RUNTIME EXCEPTION
Error occurred in Execution
At expression 5.0
Expression has invalid evaluation
3