RUNTIME EXCEPTION
Error occurred in Execution
At expression test
Expression has invalid evaluation
3