RUNTIME EXCEPTION
Error occurred in Execution
At expression 10.0
Expression has invalid evaluation
3