NODE ID: RETURN  NODE
NODE ID: RETURN  NODE
NODE ID: RETURN  NODE
NODE ID: RETURN  NODE
NODE ID: RETURN  NODE
NODE ID: RETURN  NODE
NODE ID: RETURN  NODE
NODE ID: RETURN  NODE