tc: 0, actual: true, expected: true
tc: 1, actual: false, expected: false