RUNTIME ERROR
Error occurred in Execution
Variable x has already been declared in this scope
Variable has already been declared
-1