SYNTAX ERROR
Error occurred in Parsing
At token dec
Invalid return type
1