SYNTAX ERROR
Error occurred in Parsing
At token *
Invalid operator
3