SYNTAX ERROR
Error occurred in Parsing
At token +
Invalid factor
3