SYNTAX ERROR
Error occurred in Parsing
At token )
Invalid type
1