SYNTAX ERROR
Error occurred in Parsing
At token int
Invalid variable definition
1