SYNTAX ERROR
Error occurred in Parsing
At token not
Invalid statement list
4