SYNTAX ERROR
Error occurred in Parsing
At token func
Invalid factor
2