SYNTAX ERROR
Error occurred in Parsing
At token while
Invalid definition
3