SYNTAX ERROR
Error occurred in Parsing
At token is
Invalid statement
4