SYNTAX ERROR
Error occurred in Parsing
At token ;
Invalid argument list
2