SYNTAX ERROR
Error occurred in Parsing
At token if
Invalid function parameter(s)
1