SYNTAX ERROR
Error occurred in Parsing
At token not
Invalid control flow
7